--- Testing Universal Pipeline (Real AI) ---
Pipeline Backboard Configured: espr_...
Sending dummy document...
[Pipeline] Sending 'test_invoice.pdf' to Backboard AI...
[Pipeline] AI Result: Type=CONTRACT, Conf=0.95

--- Result ---
Type: CONTRACT
Extracted: {}
Status: success
